Test avec token Docker Hub
Test avec token Docker Hub
